
Router>en
Router#conf t
Enter configuration commands, one per line.  End with CNTL/Z.
Router(config)#hostname thea-dec2017
thea-dec2017(config)#int fa0/4
%Invalid interface type and number
thea-dec2017(config)#int fa
thea-dec2017(config)#int fastEthernet 0/4
%Invalid interface type and number
thea-dec2017(config)#int fastEthernet 0/1
thea-dec2017(config-if)#ip address 192.168.1.1 255.255.255.0
thea-dec2017(config-if)#default-router 192.168.3.1
                          ^
% Invalid input detected at '^' marker.
	
thea-dec2017(config-if)#default-router 192.168.3.1
                          ^
% Invalid input detected at '^' marker.
	
thea-dec2017(config-if)#no shut

thea-dec2017(config-if)#
%LINK-5-CHANGED: Interface FastEthernet0/1, changed state to up
exit
thea-dec2017(config)#ip dchp pool thea-dec2017
                         ^
% Invalid input detected at '^' marker.
	
thea-dec2017(config)#ip dhcp pool thea-dec2017
thea-dec2017(dhcp-config)#network 192.168.3.0 255.255.255.0
thea-dec2017(dhcp-config)#default-router 192.168.3.1
thea-dec2017(dhcp-config)#exit
thea-dec2017(config)#ip dhcp excluded-address 192.168.3.0 192.168.3.100
thea-dec2017(config)#exit
thea-dec2017#
%SYS-5-CONFIG_I: Configured from console by console

thea-dec2017#show ip dhcp pool thea-dec2017

thea-dec2017#copy run start
Destination filename [startup-config]? 
Building configuration...
[OK]

thea-dec2017#show start

--------------------------------------

Router(config)#int fa0/1
Router(config-if)#ip address dhcp 
Router(config-if)#no shut

Router(config-if)#
%LINK-5-CHANGED: Interface FastEthernet0/1, changed state to up

Router(config-if)#^Z
Router#
%SYS-5-CONFIG_I: Configured from console by console

Router#show int fa0/1
FastEthernet0/1 is up, line protocol is down (disabled)
  Hardware is Lance, address is 0060.3e80.ee02 (bia 0060.3e80.ee02)
  MTU 1500 bytes, BW 100000 Kbit, DLY 100 usec,
     reliability 255/255, txload 1/255, rxload 1/255
  Encapsulation ARPA, loopback not set
  ARP type: ARPA, ARP Timeout 04:00:00, 
  Last input 00:00:08, output 00:00:05, output hang never
  Last clearing of "show interface" counters never
  Input queue: 0/75/0 (size/max/drops); Total output drops: 0
  Queueing strategy: fifo
  Output queue :0/40 (size/max)
  5 minute input rate 0 bits/sec, 0 packets/sec
  5 minute output rate 0 bits/sec, 0 packets/sec
     0 packets input, 0 bytes, 0 no buffer
     Received 0 broadcasts, 0 runts, 0 giants, 0 throttles
     0 input errors, 0 CRC, 0 frame, 0 overrun, 0 ignored, 0 abort
     0 input packets with dribble condition detected
     0 packets output, 0 bytes, 0 underruns
     0 output errors, 0 collisions, 1 interface resets
     0 babbles, 0 late collision, 0 deferred
     0 lost carrier, 0 no carrier
     0 output buffer failures, 0 output buffers swapped out

Router#
Router#
Router#
%LINEPROTO-5-UPDOWN: Line protocol on Interface FastEthernet0/1, changed state to up

Router#show int fa0/1
FastEthernet0/1 is up, line protocol is up (connected)
  Hardware is Lance, address is 0060.3e80.ee02 (bia 0060.3e80.ee02)
  MTU 1500 bytes, BW 100000 Kbit, DLY 100 usec,
     reliability 255/255, txload 1/255, rxload 1/255
  Encapsulation ARPA, loopback not set
  ARP type: ARPA, ARP Timeout 04:00:00, 
  Last input 00:00:08, output 00:00:05, output hang never
  Last clearing of "show interface" counters never
  Input queue: 0/75/0 (size/max/drops); Total output drops: 0
  Queueing strategy: fifo
  Output queue :0/40 (size/max)
  5 minute input rate 0 bits/sec, 0 packets/sec
  5 minute output rate 2 bits/sec, 0 packets/sec
     0 packets input, 0 bytes, 0 no buffer
     Received 0 broadcasts, 0 runts, 0 giants, 0 throttles
     0 input errors, 0 CRC, 0 frame, 0 overrun, 0 ignored, 0 abort
     0 input packets with dribble condition detected
     1 packets output, 89 bytes, 0 underruns
     0 output errors, 0 collisions, 1 interface resets
     0 babbles, 0 late collision, 0 deferred
     0 lost carrier, 0 no carrier
     0 output buffer failures, 0 output buffers swapped out

Router#conf t
Enter configuration commands, one per line.  End with CNTL/Z.
Router(config)#
%DHCP-6-ADDRESS_ASSIGN: Interface FastEthernet0/1 assigned DHCP address 192.168.10.54, mask 255.255.255.0, hostname outside fa0/1 DHCP client / inside fa0/0 192.168.120.1/24


Router(config)#int fa0/0
Router(config-if)#ip nat inside 
Router(config-if)#int fa0/1
Router(config-if)#ip nat outside
Router(config-if)#^Z
Router#
%SYS-5-CONFIG_I: Configured from console by console

Router#conf t
Enter configuration commands, one per line.  End with CNTL/Z.
Router(config)#access-list 100 permit ip any any
Router(config)#ip nat inside source list 100 int fa0/1 overload
Router(config)#int fa0/0
Router(config-if)#ip address 192.168.120.1 255.255.255.0
Router(config-if)#no shut

Router(config-if)#
%LINK-5-CHANGED: Interface FastEthernet0/0, changed state to up

Router(config-if)#^Z
Router#
%SYS-5-CONFIG_I: Configured from console by console

Router#show run
Building configuration...

Current configuration : 688 bytes
!
version 12.4
no service timestamps log datetime msec
no service timestamps debug datetime msec
no service password-encryption
!
hostname Router
!
!
!
!
!
!
!
!
ip cef
no ipv6 cef
!
!
!
!
!
!
!
!
!
!
!
!
spanning-tree mode pvst
!
!
!
!
!
!
interface FastEthernet0/0
 ip address 192.168.120.1 255.255.255.0
 ip nat inside
 duplex auto
 speed auto
!
interface FastEthernet0/1
 ip address dhcp
 ip nat outside
 duplex auto
 speed auto
!
interface Vlan1
 no ip address
 shutdown
!
ip nat inside source list 100 interface FastEthernet0/1 overload
ip classless
!
ip flow-export version 9
!
!
access-list 100 permit ip any any
!
!
!
!
!
line con 0
!
line aux 0

Router#copy run start
Destination filename [startup-config]? 
Building configuration...
[OK]
Router#
%LINEPROTO-5-UPDOWN: Line protocol on Interface FastEthernet0/0, changed state to up

Router#show ip nat translations
Pro  Inside global     Inside local       Outside local      Outside global
icmp 192.168.10.54:5   192.168.120.2:5    192.168.10.1:5     192.168.10.1:5
icmp 192.168.10.54:6   192.168.120.2:6    192.168.10.1:6     192.168.10.1:6
icmp 192.168.10.54:7   192.168.120.2:7    192.168.10.1:7     192.168.10.1:7
icmp 192.168.10.54:8   192.168.120.2:8    192.168.10.1:8     192.168.10.1:8

Router#show ip nat statistics
Total translations: 0 (0 static, 0 dynamic, 0 extended)
Outside Interfaces: FastEthernet0/1
Inside Interfaces: FastEthernet0/0
Hits: 3  Misses: 4
Expired translations: 4
Dynamic mappings:
Router#copy run start
Destination filename [startup-config]? 
Building configuration...
[OK]
